Running Gradle task 'assembleDebug'...                          
lib/features/pet/agenda/presentation/create_pet_event_screen.dart:1865:11: Error: The getter 'aiSummary' isn't defined for the type '_CreatePetEventScreenState'.
 - '_CreatePetEventScreenState' is from 'package:scannutplus/features/pet/agenda/presentation/create_pet_event_screen.dart' ('lib/features/pet/agenda/presentation/create_pet_event_screen.dart').
Try correcting the name to the name of an existing getter, or defining a getter or field named 'aiSummary'.
      if (aiSummary != null) metrics[PetConstants.keyAiSummary] = aiSummary;
          ^^^^^^^^^
lib/features/pet/agenda/presentation/create_pet_event_screen.dart:1865:67: Error: The getter 'aiSummary' isn't defined for the type '_CreatePetEventScreenState'.
 - '_CreatePetEventScreenState' is from 'package:scannutplus/features/pet/agenda/presentation/create_pet_event_screen.dart' ('lib/features/pet/agenda/presentation/create_pet_event_screen.dart').
Try correcting the name to the name of an existing getter, or defining a getter or field named 'aiSummary'.
      if (aiSummary != null) metrics[PetConstants.keyAiSummary] = aiSummary;
                                                                  ^^^^^^^^^
Target kernel_snapshot_program failed: Exception


FAILURE: Build failed with an exception.

* What went wrong:
Execution failed for task ':app:compileFlutterBuildDebug'.
> Process 'command 'C:\Users\Abreu\flutter\bin\flutter.bat'' finished with non-zero exit value 1

* Try:
> Run with --stacktrace option to get the stack trace.
> Run with --info or --debug option to get more log output.
> Run with --scan to get full insights.
> Get more help at https://help.gradle.org.

BUILD FAILED in 7s
Running Gradle task 'assembleDebug'...                              7,4s
Gradle task assembleDebug failed with exit code 1
